F:\T2106\Health-Assistant\HealthAssistant\src\main\java\com\example\healthassistant\service\PersonalHealthServiceImpl.java
F:\T2106\Health-Assistant\HealthAssistant\src\main\java\com\example\healthassistant\security\service\UserDetailsImpl.java
F:\T2106\Health-Assistant\HealthAssistant\src\main\java\com\example\healthassistant\model\UserRole.java
F:\T2106\Health-Assistant\HealthAssistant\src\main\java\com\example\healthassistant\service\MedicineDosagesService.java
F:\T2106\Health-Assistant\HealthAssistant\src\main\java\com\example\healthassistant\model\AppointmentStatus.java
F:\T2106\Health-Assistant\HealthAssistant\src\main\java\com\example\healthassistant\controller\users\PersonalHealthController.java
F:\T2106\Health-Assistant\HealthAssistant\src\main\java\com\example\healthassistant\model\ChatMessage.java
F:\T2106\Health-Assistant\HealthAssistant\src\main\java\com\example\healthassistant\controller\users\ApiController.java
F:\T2106\Health-Assistant\HealthAssistant\src\main\java\com\example\healthassistant\dto\ListIssue.java
F:\T2106\Health-Assistant\HealthAssistant\src\main\java\com\example\healthassistant\service\UsersServiceImpl.java
F:\T2106\Health-Assistant\HealthAssistant\src\main\java\com\example\healthassistant\service\IssuePersonalService.java
F:\T2106\Health-Assistant\HealthAssistant\src\main\java\com\example\healthassistant\service\AppointmentStatusServiceImpl.java
F:\T2106\Health-Assistant\HealthAssistant\src\main\java\com\example\healthassistant\service\IssuePersonalServiceImpl.java
F:\T2106\Health-Assistant\HealthAssistant\src\main\java\com\example\healthassistant\security\service\UserDetailsServiceImpl.java
F:\T2106\Health-Assistant\HealthAssistant\src\main\java\com\example\healthassistant\security\WebSecurityConfig.java
F:\T2106\Health-Assistant\HealthAssistant\src\main\java\com\example\healthassistant\repository\RoleRepository.java
F:\T2106\Health-Assistant\HealthAssistant\src\main\java\com\example\healthassistant\controller\users\UserController.java
F:\T2106\Health-Assistant\HealthAssistant\src\main\java\com\example\healthassistant\service\MedicineDosagesServiceImpl.java
F:\T2106\Health-Assistant\HealthAssistant\src\main\java\com\example\healthassistant\model\IssuePersonal.java
F:\T2106\Health-Assistant\HealthAssistant\src\main\java\com\example\healthassistant\repository\PersonalHealthRepository.java
F:\T2106\Health-Assistant\HealthAssistant\src\main\java\com\example\healthassistant\config\WebSocketConfig.java
F:\T2106\Health-Assistant\HealthAssistant\src\main\java\com\example\healthassistant\listener\WebSocketEventListener.java
F:\T2106\Health-Assistant\HealthAssistant\src\main\java\com\example\healthassistant\repository\IssuePersonalRepository.java
F:\T2106\Health-Assistant\HealthAssistant\src\main\java\com\example\healthassistant\model\Category.java
F:\T2106\Health-Assistant\HealthAssistant\src\main\java\com\example\healthassistant\model\Feedback.java
F:\T2106\Health-Assistant\HealthAssistant\src\main\java\com\example\healthassistant\security\service\SecurityService.java
F:\T2106\Health-Assistant\HealthAssistant\src\main\java\com\example\healthassistant\service\RoleServiceImpl.java
F:\T2106\Health-Assistant\HealthAssistant\src\main\java\com\example\healthassistant\dto\UserDto.java
F:\T2106\Health-Assistant\HealthAssistant\src\main\java\com\example\healthassistant\repository\UserRoleRepository.java
F:\T2106\Health-Assistant\HealthAssistant\src\main\java\com\example\healthassistant\service\AppointmentStatusService.java
F:\T2106\Health-Assistant\HealthAssistant\src\main\java\com\example\healthassistant\service\UserRoleService.java
F:\T2106\Health-Assistant\HealthAssistant\src\main\java\com\example\healthassistant\payload\RegisterUser.java
F:\T2106\Health-Assistant\HealthAssistant\src\main\java\com\example\healthassistant\repository\FeedbackRepository.java
F:\T2106\Health-Assistant\HealthAssistant\src\main\java\com\example\healthassistant\common\Mail.java
F:\T2106\Health-Assistant\HealthAssistant\src\main\java\com\example\healthassistant\service\UserRoleServiceImpl.java
F:\T2106\Health-Assistant\HealthAssistant\src\main\java\com\example\healthassistant\interceptor\HttpHandshakeInterceptor.java
F:\T2106\Health-Assistant\HealthAssistant\src\main\java\com\example\healthassistant\service\FeedbackServiceImpl.java
F:\T2106\Health-Assistant\HealthAssistant\src\main\java\com\example\healthassistant\model\PersonalHealthVitals.java
F:\T2106\Health-Assistant\HealthAssistant\src\main\java\com\example\healthassistant\controller\WebSocketController.java
F:\T2106\Health-Assistant\HealthAssistant\src\main\java\com\example\healthassistant\payload\UpdateUser.java
F:\T2106\Health-Assistant\HealthAssistant\src\main\java\com\example\healthassistant\HealthAssistantApplication.java
F:\T2106\Health-Assistant\HealthAssistant\src\main\java\com\example\healthassistant\model\MedicineDosages.java
F:\T2106\Health-Assistant\HealthAssistant\src\main\java\com\example\healthassistant\dto\CategoryDTO.java
F:\T2106\Health-Assistant\HealthAssistant\src\main\java\com\example\healthassistant\service\FeedbackService.java
F:\T2106\Health-Assistant\HealthAssistant\src\main\java\com\example\healthassistant\controller\users\MedicineDosagesController.java
F:\T2106\Health-Assistant\HealthAssistant\src\main\java\com\example\healthassistant\controller\users\IssuePersonalController.java
F:\T2106\Health-Assistant\HealthAssistant\src\main\java\com\example\healthassistant\repository\MedicineDosagesRepository.java
F:\T2106\Health-Assistant\HealthAssistant\src\main\java\com\example\healthassistant\repository\UsersRepository.java
F:\T2106\Health-Assistant\HealthAssistant\src\main\java\com\example\healthassistant\service\UsersService.java
F:\T2106\Health-Assistant\HealthAssistant\src\main\java\com\example\healthassistant\repository\AppointmentRepository.java
F:\T2106\Health-Assistant\HealthAssistant\src\main\java\com\example\healthassistant\service\PersonalHealthService.java
F:\T2106\Health-Assistant\HealthAssistant\src\main\java\com\example\healthassistant\model\Users.java
F:\T2106\Health-Assistant\HealthAssistant\src\main\java\com\example\healthassistant\common\Constants.java
F:\T2106\Health-Assistant\HealthAssistant\src\main\java\com\example\healthassistant\controller\users\FeedbackController.java
F:\T2106\Health-Assistant\HealthAssistant\src\main\java\com\example\healthassistant\service\RoleService.java
F:\T2106\Health-Assistant\HealthAssistant\src\main\java\com\example\healthassistant\controller\MainController.java
F:\T2106\Health-Assistant\HealthAssistant\src\main\java\com\example\healthassistant\controller\users\AppointmentController.java
F:\T2106\Health-Assistant\HealthAssistant\src\main\java\com\example\healthassistant\model\Roles.java
